// Jest Snapshot v1, https://goo.gl/fbAQLP

exports[`rootSaga returns a generator with gitHubSaga 1`] = `
Object {
  "@@redux-saga/IO": true,
  "ALL": Array [
    Object {
      "@@redux-saga/IO": true,
      "FORK": Object {
        "args": Array [],
        "context": null,
        "fn": [Function],
      },
    },
    Object {
      "@@redux-saga/IO": true,
      "FORK": Object {
        "args": Array [],
        "context": null,
        "fn": [Function],
      },
    },
    Object {
      "@@redux-saga/IO": true,
      "FORK": Object {
        "args": Array [],
        "context": null,
        "fn": [Function],
      },
    },
    Object {
      "@@redux-saga/IO": true,
      "FORK": Object {
        "args": Array [],
        "context": null,
        "fn": [Function],
      },
    },
  ],
}
`;
