// Jest Snapshot v1, https://goo.gl/fbAQLP

exports[`BottomMenu renders 1`] = `
ShallowWrapper {
  Symbol(enzyme.__root__): [Circular],
  Symbol(enzyme.__unrendered__): <BottomMenu />,
  Symbol(enzyme.__renderer__): Object {
    "batchedUpdates": [Function],
    "getNode": [Function],
    "render": [Function],
    "simulateError": [Function],
    "simulateEvent": [Function],
    "unmount": [Function],
  },
  Symbol(enzyme.__node__): Object {
    "instance": null,
    "key": undefined,
    "nodeType": "function",
    "props": Object {
      "children": Array [
        <Styled(Menu)
          fluid={true}
          icon="labeled"
          inverted={true}
          style={
                    Object {
                              "borderRadius": 0,
                              "bottom": 0,
                              "position": "fixed",
                              "width": "100%",
                            }
          }
          widths={3}
>
          <MenuItem
                    active={false}
                    href="https://www.linkedin.com/in/joseph-chamochumbi-280255b3/"
                    name="LinkedIn"
                    onClick={[Function]}
                    rel="noopener noreferrer"
                    target="_blank"
          >
                    <Icon
                              as="i"
                              name="linkedin"
                    />
                    LinkedIn
          </MenuItem>
          <MenuItem
                    active={false}
                    href="https://github.com/icyJoseph"
                    name="GitHub"
                    onClick={[Function]}
                    rel="noopener noreferrer"
                    target="_blank"
          >
                    <Icon
                              as="i"
                              name="github alternate"
                    />
                    GitHub
          </MenuItem>
          <MenuItem
                    active={false}
                    name="Contact"
                    onClick={[Function]}
          >
                    <Icon
                              as="i"
                              name="vcard outline"
                    />
                    Contact
          </MenuItem>
</Styled(Menu)>,
        <Unknown
          handleClose={[Function]}
          open={false}
/>,
      ],
    },
    "ref": null,
    "rendered": Array [
      Object {
        "instance": null,
        "key": undefined,
        "nodeType": "class",
        "props": Object {
          "children": Array [
            <MenuItem
              active={false}
              href="https://www.linkedin.com/in/joseph-chamochumbi-280255b3/"
              name="LinkedIn"
              onClick={[Function]}
              rel="noopener noreferrer"
              target="_blank"
>
              <Icon
                            as="i"
                            name="linkedin"
              />
              LinkedIn
</MenuItem>,
            <MenuItem
              active={false}
              href="https://github.com/icyJoseph"
              name="GitHub"
              onClick={[Function]}
              rel="noopener noreferrer"
              target="_blank"
>
              <Icon
                            as="i"
                            name="github alternate"
              />
              GitHub
</MenuItem>,
            <MenuItem
              active={false}
              name="Contact"
              onClick={[Function]}
>
              <Icon
                            as="i"
                            name="vcard outline"
              />
              Contact
</MenuItem>,
          ],
          "fluid": true,
          "icon": "labeled",
          "inverted": true,
          "style": Object {
            "borderRadius": 0,
            "bottom": 0,
            "position": "fixed",
            "width": "100%",
          },
          "widths": 3,
        },
        "ref": null,
        "rendered": Array [
          Object {
            "instance": null,
            "key": undefined,
            "nodeType": "class",
            "props": Object {
              "active": false,
              "children": Array [
                <Icon
                  as="i"
                  name="linkedin"
/>,
                "LinkedIn",
              ],
              "href": "https://www.linkedin.com/in/joseph-chamochumbi-280255b3/",
              "name": "LinkedIn",
              "onClick": [Function],
              "rel": "noopener noreferrer",
              "target": "_blank",
            },
            "ref": null,
            "rendered": Array [
              Object {
                "instance": null,
                "key": undefined,
                "nodeType": "class",
                "props": Object {
                  "as": "i",
                  "name": "linkedin",
                },
                "ref": null,
                "rendered": null,
                "type": [Function],
              },
              "LinkedIn",
            ],
            "type": [Function],
          },
          Object {
            "instance": null,
            "key": undefined,
            "nodeType": "class",
            "props": Object {
              "active": false,
              "children": Array [
                <Icon
                  as="i"
                  name="github alternate"
/>,
                "GitHub",
              ],
              "href": "https://github.com/icyJoseph",
              "name": "GitHub",
              "onClick": [Function],
              "rel": "noopener noreferrer",
              "target": "_blank",
            },
            "ref": null,
            "rendered": Array [
              Object {
                "instance": null,
                "key": undefined,
                "nodeType": "class",
                "props": Object {
                  "as": "i",
                  "name": "github alternate",
                },
                "ref": null,
                "rendered": null,
                "type": [Function],
              },
              "GitHub",
            ],
            "type": [Function],
          },
          Object {
            "instance": null,
            "key": undefined,
            "nodeType": "class",
            "props": Object {
              "active": false,
              "children": Array [
                <Icon
                  as="i"
                  name="vcard outline"
/>,
                "Contact",
              ],
              "name": "Contact",
              "onClick": [Function],
            },
            "ref": null,
            "rendered": Array [
              Object {
                "instance": null,
                "key": undefined,
                "nodeType": "class",
                "props": Object {
                  "as": "i",
                  "name": "vcard outline",
                },
                "ref": null,
                "rendered": null,
                "type": [Function],
              },
              "Contact",
            ],
            "type": [Function],
          },
        ],
        "type": [Function],
      },
      Object {
        "instance": null,
        "key": undefined,
        "nodeType": "function",
        "props": Object {
          "handleClose": [Function],
          "open": false,
        },
        "ref": null,
        "rendered": null,
        "type": [Function],
      },
    ],
    "type": Symbol(react.fragment),
  },
  Symbol(enzyme.__nodes__): Array [
    Object {
      "instance": null,
      "key": undefined,
      "nodeType": "function",
      "props": Object {
        "children": Array [
          <Styled(Menu)
            fluid={true}
            icon="labeled"
            inverted={true}
            style={
                        Object {
                                    "borderRadius": 0,
                                    "bottom": 0,
                                    "position": "fixed",
                                    "width": "100%",
                                  }
            }
            widths={3}
>
            <MenuItem
                        active={false}
                        href="https://www.linkedin.com/in/joseph-chamochumbi-280255b3/"
                        name="LinkedIn"
                        onClick={[Function]}
                        rel="noopener noreferrer"
                        target="_blank"
            >
                        <Icon
                                    as="i"
                                    name="linkedin"
                        />
                        LinkedIn
            </MenuItem>
            <MenuItem
                        active={false}
                        href="https://github.com/icyJoseph"
                        name="GitHub"
                        onClick={[Function]}
                        rel="noopener noreferrer"
                        target="_blank"
            >
                        <Icon
                                    as="i"
                                    name="github alternate"
                        />
                        GitHub
            </MenuItem>
            <MenuItem
                        active={false}
                        name="Contact"
                        onClick={[Function]}
            >
                        <Icon
                                    as="i"
                                    name="vcard outline"
                        />
                        Contact
            </MenuItem>
</Styled(Menu)>,
          <Unknown
            handleClose={[Function]}
            open={false}
/>,
        ],
      },
      "ref": null,
      "rendered": Array [
        Object {
          "instance": null,
          "key": undefined,
          "nodeType": "class",
          "props": Object {
            "children": Array [
              <MenuItem
                active={false}
                href="https://www.linkedin.com/in/joseph-chamochumbi-280255b3/"
                name="LinkedIn"
                onClick={[Function]}
                rel="noopener noreferrer"
                target="_blank"
>
                <Icon
                                as="i"
                                name="linkedin"
                />
                LinkedIn
</MenuItem>,
              <MenuItem
                active={false}
                href="https://github.com/icyJoseph"
                name="GitHub"
                onClick={[Function]}
                rel="noopener noreferrer"
                target="_blank"
>
                <Icon
                                as="i"
                                name="github alternate"
                />
                GitHub
</MenuItem>,
              <MenuItem
                active={false}
                name="Contact"
                onClick={[Function]}
>
                <Icon
                                as="i"
                                name="vcard outline"
                />
                Contact
</MenuItem>,
            ],
            "fluid": true,
            "icon": "labeled",
            "inverted": true,
            "style": Object {
              "borderRadius": 0,
              "bottom": 0,
              "position": "fixed",
              "width": "100%",
            },
            "widths": 3,
          },
          "ref": null,
          "rendered": Array [
            Object {
              "instance": null,
              "key": undefined,
              "nodeType": "class",
              "props": Object {
                "active": false,
                "children": Array [
                  <Icon
                    as="i"
                    name="linkedin"
/>,
                  "LinkedIn",
                ],
                "href": "https://www.linkedin.com/in/joseph-chamochumbi-280255b3/",
                "name": "LinkedIn",
                "onClick": [Function],
                "rel": "noopener noreferrer",
                "target": "_blank",
              },
              "ref": null,
              "rendered": Array [
                Object {
                  "instance": null,
                  "key": undefined,
                  "nodeType": "class",
                  "props": Object {
                    "as": "i",
                    "name": "linkedin",
                  },
                  "ref": null,
                  "rendered": null,
                  "type": [Function],
                },
                "LinkedIn",
              ],
              "type": [Function],
            },
            Object {
              "instance": null,
              "key": undefined,
              "nodeType": "class",
              "props": Object {
                "active": false,
                "children": Array [
                  <Icon
                    as="i"
                    name="github alternate"
/>,
                  "GitHub",
                ],
                "href": "https://github.com/icyJoseph",
                "name": "GitHub",
                "onClick": [Function],
                "rel": "noopener noreferrer",
                "target": "_blank",
              },
              "ref": null,
              "rendered": Array [
                Object {
                  "instance": null,
                  "key": undefined,
                  "nodeType": "class",
                  "props": Object {
                    "as": "i",
                    "name": "github alternate",
                  },
                  "ref": null,
                  "rendered": null,
                  "type": [Function],
                },
                "GitHub",
              ],
              "type": [Function],
            },
            Object {
              "instance": null,
              "key": undefined,
              "nodeType": "class",
              "props": Object {
                "active": false,
                "children": Array [
                  <Icon
                    as="i"
                    name="vcard outline"
/>,
                  "Contact",
                ],
                "name": "Contact",
                "onClick": [Function],
              },
              "ref": null,
              "rendered": Array [
                Object {
                  "instance": null,
                  "key": undefined,
                  "nodeType": "class",
                  "props": Object {
                    "as": "i",
                    "name": "vcard outline",
                  },
                  "ref": null,
                  "rendered": null,
                  "type": [Function],
                },
                "Contact",
              ],
              "type": [Function],
            },
          ],
          "type": [Function],
        },
        Object {
          "instance": null,
          "key": undefined,
          "nodeType": "function",
          "props": Object {
            "handleClose": [Function],
            "open": false,
          },
          "ref": null,
          "rendered": null,
          "type": [Function],
        },
      ],
      "type": Symbol(react.fragment),
    },
  ],
  Symbol(enzyme.__options__): Object {
    "adapter": ReactSixteenAdapter {
      "options": Object {
        "enableComponentDidUpdateOnSetState": true,
        "lifecycles": Object {
          "componentDidUpdate": Object {
            "onSetState": true,
          },
          "getDerivedStateFromProps": true,
          "getSnapshotBeforeUpdate": true,
          "setState": Object {
            "skipsComponentDidUpdateOnNullish": true,
          },
        },
      },
    },
    "attachTo": undefined,
    "hydrateIn": undefined,
  },
}
`;
