// Jest Snapshot v1, https://goo.gl/fbAQLP

exports[`HomeDesktopGrid renders 1`] = `
ShallowWrapper {
  Symbol(enzyme.__root__): [Circular],
  Symbol(enzyme.__unrendered__): <Hacks
    closeDrawer={[MockFunction]}
    contentId={1}
    data={
      Array [
        Object {
          "Component": [Function],
          "Content": [Function],
          "background": "#193549",
          "backgroundFill": "tomato",
          "fill": "#273B7A",
          "id": 0,
          "meta": "Joseph",
          "title": "About Me",
        },
        Object {
          "Component": [Function],
          "Content": [Function],
          "background": "#193549",
          "backgroundFill": "tomato",
          "fill": "#292929",
          "id": 1,
          "meta": "Certified",
          "title": "ReactJS",
        },
        Object {
          "Component": [Function],
          "Content": [Function],
          "background": "#193549",
          "backgroundFill": "tomato",
          "fill": "#F0DB4F",
          "id": 2,
          "meta": "Favorite Language",
          "title": "JavaScript",
        },
        Object {
          "Component": [Function],
          "Content": [Function],
          "background": "#193549",
          "backgroundFill": "#5159BF",
          "fill": "#292929",
          "id": 3,
          "meta": "Framework",
          "title": "Redux",
        },
        Object {
          "Component": [Function],
          "Content": [Function],
          "background": "#193549",
          "backgroundFill": "tomato",
          "fill": "#273B7A",
          "id": 4,
          "meta": "Problem Solving",
          "title": "algorithms",
        },
        Object {
          "Component": [Function],
          "Content": [Function],
          "background": "#193549",
          "backgroundFill": "tomato",
          "fill": "#273B7A",
          "hide": true,
          "id": 5,
          "meta": "My career",
          "title": "experience",
        },
        Object {
          "Component": [Function],
          "Content": [Function],
          "background": "#193549",
          "backgroundFill": "tomato",
          "fill": "#273B7A",
          "id": 6,
          "meta": "Code as a hobby",
          "title": "python",
        },
        Object {
          "Component": [Function],
          "Content": [Function],
          "background": "#193549",
          "backgroundFill": "tomato",
          "fill": "#273B7A",
          "id": 7,
          "meta": "Value Creation",
          "title": "hackathon",
        },
        Object {
          "Component": [Function],
          "Content": [Function],
          "backgroundFill": "tomato",
          "fill": "#C92F00",
          "hide": true,
          "id": 8,
          "meta": "Acknowledgments",
          "title": "awards",
        },
        Object {
          "Component": [Function],
          "Content": [Function],
          "backgroundFill": "tomato",
          "fill": "#273B7A",
          "hide": true,
          "id": 9,
          "meta": "Life as a React Developer",
          "title": "currently",
        },
      ]
    }
    openDrawer={[MockFunction]}
    visibility={false}
  />,
  Symbol(enzyme.__renderer__): Object {
    "batchedUpdates": [Function],
    "getNode": [Function],
    "render": [Function],
    "simulateError": [Function],
    "simulateEvent": [Function],
    "unmount": [Function],
  },
  Symbol(enzyme.__node__): Object {
    "instance": null,
    "key": undefined,
    "nodeType": "function",
    "props": Object {
      "children": Array [
        <styled.div
          background="codingBackground.jpg"
        />,
        <styled.div
          tint={0.8}
        />,
        <MainTitle
          center={true}
          subtitle="About me and my code"
          title="Coding"
        />,
        <Dock
          clickHandler={[MockFunction]}
          items={
            Array [
              Object {
                "Component": [Function],
                "Content": [Function],
                "background": "#193549",
                "backgroundFill": "tomato",
                "fill": "#273B7A",
                "id": 0,
                "meta": "Joseph",
                "title": "About Me",
              },
              Object {
                "Component": [Function],
                "Content": [Function],
                "background": "#193549",
                "backgroundFill": "tomato",
                "fill": "#292929",
                "id": 1,
                "meta": "Certified",
                "title": "ReactJS",
              },
              Object {
                "Component": [Function],
                "Content": [Function],
                "background": "#193549",
                "backgroundFill": "tomato",
                "fill": "#F0DB4F",
                "id": 2,
                "meta": "Favorite Language",
                "title": "JavaScript",
              },
              Object {
                "Component": [Function],
                "Content": [Function],
                "background": "#193549",
                "backgroundFill": "#5159BF",
                "fill": "#292929",
                "id": 3,
                "meta": "Framework",
                "title": "Redux",
              },
              Object {
                "Component": [Function],
                "Content": [Function],
                "background": "#193549",
                "backgroundFill": "tomato",
                "fill": "#273B7A",
                "id": 4,
                "meta": "Problem Solving",
                "title": "algorithms",
              },
              Object {
                "Component": [Function],
                "Content": [Function],
                "background": "#193549",
                "backgroundFill": "tomato",
                "fill": "#273B7A",
                "id": 6,
                "meta": "Code as a hobby",
                "title": "python",
              },
              Object {
                "Component": [Function],
                "Content": [Function],
                "background": "#193549",
                "backgroundFill": "tomato",
                "fill": "#273B7A",
                "id": 7,
                "meta": "Value Creation",
                "title": "hackathon",
              },
            ]
          }
        />,
        <Drawer
          Content={[Function]}
        />,
      ],
    },
    "ref": null,
    "rendered": Array [
      Object {
        "instance": null,
        "key": undefined,
        "nodeType": "class",
        "props": Object {
          "background": "codingBackground.jpg",
          "desktop": undefined,
        },
        "ref": null,
        "rendered": null,
        "type": [Function],
      },
      Object {
        "instance": null,
        "key": undefined,
        "nodeType": "class",
        "props": Object {
          "tint": 0.8,
        },
        "ref": null,
        "rendered": null,
        "type": [Function],
      },
      Object {
        "instance": null,
        "key": undefined,
        "nodeType": "function",
        "props": Object {
          "center": true,
          "subtitle": "About me and my code",
          "title": "Coding",
        },
        "ref": null,
        "rendered": null,
        "type": [Function],
      },
      Object {
        "instance": null,
        "key": undefined,
        "nodeType": "function",
        "props": Object {
          "clickHandler": [MockFunction],
          "items": Array [
            Object {
              "Component": [Function],
              "Content": [Function],
              "background": "#193549",
              "backgroundFill": "tomato",
              "fill": "#273B7A",
              "id": 0,
              "meta": "Joseph",
              "title": "About Me",
            },
            Object {
              "Component": [Function],
              "Content": [Function],
              "background": "#193549",
              "backgroundFill": "tomato",
              "fill": "#292929",
              "id": 1,
              "meta": "Certified",
              "title": "ReactJS",
            },
            Object {
              "Component": [Function],
              "Content": [Function],
              "background": "#193549",
              "backgroundFill": "tomato",
              "fill": "#F0DB4F",
              "id": 2,
              "meta": "Favorite Language",
              "title": "JavaScript",
            },
            Object {
              "Component": [Function],
              "Content": [Function],
              "background": "#193549",
              "backgroundFill": "#5159BF",
              "fill": "#292929",
              "id": 3,
              "meta": "Framework",
              "title": "Redux",
            },
            Object {
              "Component": [Function],
              "Content": [Function],
              "background": "#193549",
              "backgroundFill": "tomato",
              "fill": "#273B7A",
              "id": 4,
              "meta": "Problem Solving",
              "title": "algorithms",
            },
            Object {
              "Component": [Function],
              "Content": [Function],
              "background": "#193549",
              "backgroundFill": "tomato",
              "fill": "#273B7A",
              "id": 6,
              "meta": "Code as a hobby",
              "title": "python",
            },
            Object {
              "Component": [Function],
              "Content": [Function],
              "background": "#193549",
              "backgroundFill": "tomato",
              "fill": "#273B7A",
              "id": 7,
              "meta": "Value Creation",
              "title": "hackathon",
            },
          ],
        },
        "ref": null,
        "rendered": null,
        "type": [Function],
      },
      Object {
        "instance": null,
        "key": undefined,
        "nodeType": "function",
        "props": Object {
          "Content": [Function],
          "github": undefined,
        },
        "ref": null,
        "rendered": null,
        "type": [Function],
      },
    ],
    "type": Symbol(react.fragment),
  },
  Symbol(enzyme.__nodes__): Array [
    Object {
      "instance": null,
      "key": undefined,
      "nodeType": "function",
      "props": Object {
        "children": Array [
          <styled.div
            background="codingBackground.jpg"
          />,
          <styled.div
            tint={0.8}
          />,
          <MainTitle
            center={true}
            subtitle="About me and my code"
            title="Coding"
          />,
          <Dock
            clickHandler={[MockFunction]}
            items={
              Array [
                Object {
                  "Component": [Function],
                  "Content": [Function],
                  "background": "#193549",
                  "backgroundFill": "tomato",
                  "fill": "#273B7A",
                  "id": 0,
                  "meta": "Joseph",
                  "title": "About Me",
                },
                Object {
                  "Component": [Function],
                  "Content": [Function],
                  "background": "#193549",
                  "backgroundFill": "tomato",
                  "fill": "#292929",
                  "id": 1,
                  "meta": "Certified",
                  "title": "ReactJS",
                },
                Object {
                  "Component": [Function],
                  "Content": [Function],
                  "background": "#193549",
                  "backgroundFill": "tomato",
                  "fill": "#F0DB4F",
                  "id": 2,
                  "meta": "Favorite Language",
                  "title": "JavaScript",
                },
                Object {
                  "Component": [Function],
                  "Content": [Function],
                  "background": "#193549",
                  "backgroundFill": "#5159BF",
                  "fill": "#292929",
                  "id": 3,
                  "meta": "Framework",
                  "title": "Redux",
                },
                Object {
                  "Component": [Function],
                  "Content": [Function],
                  "background": "#193549",
                  "backgroundFill": "tomato",
                  "fill": "#273B7A",
                  "id": 4,
                  "meta": "Problem Solving",
                  "title": "algorithms",
                },
                Object {
                  "Component": [Function],
                  "Content": [Function],
                  "background": "#193549",
                  "backgroundFill": "tomato",
                  "fill": "#273B7A",
                  "id": 6,
                  "meta": "Code as a hobby",
                  "title": "python",
                },
                Object {
                  "Component": [Function],
                  "Content": [Function],
                  "background": "#193549",
                  "backgroundFill": "tomato",
                  "fill": "#273B7A",
                  "id": 7,
                  "meta": "Value Creation",
                  "title": "hackathon",
                },
              ]
            }
          />,
          <Drawer
            Content={[Function]}
          />,
        ],
      },
      "ref": null,
      "rendered": Array [
        Object {
          "instance": null,
          "key": undefined,
          "nodeType": "class",
          "props": Object {
            "background": "codingBackground.jpg",
            "desktop": undefined,
          },
          "ref": null,
          "rendered": null,
          "type": [Function],
        },
        Object {
          "instance": null,
          "key": undefined,
          "nodeType": "class",
          "props": Object {
            "tint": 0.8,
          },
          "ref": null,
          "rendered": null,
          "type": [Function],
        },
        Object {
          "instance": null,
          "key": undefined,
          "nodeType": "function",
          "props": Object {
            "center": true,
            "subtitle": "About me and my code",
            "title": "Coding",
          },
          "ref": null,
          "rendered": null,
          "type": [Function],
        },
        Object {
          "instance": null,
          "key": undefined,
          "nodeType": "function",
          "props": Object {
            "clickHandler": [MockFunction],
            "items": Array [
              Object {
                "Component": [Function],
                "Content": [Function],
                "background": "#193549",
                "backgroundFill": "tomato",
                "fill": "#273B7A",
                "id": 0,
                "meta": "Joseph",
                "title": "About Me",
              },
              Object {
                "Component": [Function],
                "Content": [Function],
                "background": "#193549",
                "backgroundFill": "tomato",
                "fill": "#292929",
                "id": 1,
                "meta": "Certified",
                "title": "ReactJS",
              },
              Object {
                "Component": [Function],
                "Content": [Function],
                "background": "#193549",
                "backgroundFill": "tomato",
                "fill": "#F0DB4F",
                "id": 2,
                "meta": "Favorite Language",
                "title": "JavaScript",
              },
              Object {
                "Component": [Function],
                "Content": [Function],
                "background": "#193549",
                "backgroundFill": "#5159BF",
                "fill": "#292929",
                "id": 3,
                "meta": "Framework",
                "title": "Redux",
              },
              Object {
                "Component": [Function],
                "Content": [Function],
                "background": "#193549",
                "backgroundFill": "tomato",
                "fill": "#273B7A",
                "id": 4,
                "meta": "Problem Solving",
                "title": "algorithms",
              },
              Object {
                "Component": [Function],
                "Content": [Function],
                "background": "#193549",
                "backgroundFill": "tomato",
                "fill": "#273B7A",
                "id": 6,
                "meta": "Code as a hobby",
                "title": "python",
              },
              Object {
                "Component": [Function],
                "Content": [Function],
                "background": "#193549",
                "backgroundFill": "tomato",
                "fill": "#273B7A",
                "id": 7,
                "meta": "Value Creation",
                "title": "hackathon",
              },
            ],
          },
          "ref": null,
          "rendered": null,
          "type": [Function],
        },
        Object {
          "instance": null,
          "key": undefined,
          "nodeType": "function",
          "props": Object {
            "Content": [Function],
            "github": undefined,
          },
          "ref": null,
          "rendered": null,
          "type": [Function],
        },
      ],
      "type": Symbol(react.fragment),
    },
  ],
  Symbol(enzyme.__options__): Object {
    "adapter": ReactSixteenAdapter {
      "options": Object {
        "enableComponentDidUpdateOnSetState": true,
        "lifecycles": Object {
          "componentDidUpdate": Object {
            "onSetState": true,
          },
          "getDerivedStateFromProps": true,
          "getSnapshotBeforeUpdate": true,
          "setState": Object {
            "skipsComponentDidUpdateOnNullish": true,
          },
        },
      },
    },
  },
}
`;
